
> markaz@0.1.0 dev
> next dev --webpack

▲ Next.js 16.2.9 (webpack)
- Local:         http://localhost:53958
- Network:       http://192.168.100.14:53958
- Environments: .env.local, .env
✓ Ready in 1374ms
- Experiments (use with caution):
  · serverActions

○ Compiling /[locale] ...
 GET / 200 in 8.6s (next.js: 7.2s, proxy.ts: 377ms, application-code: 1015ms)
 GET / 200 in 378ms (next.js: 25ms, proxy.ts: 105ms, application-code: 247ms)
 GET / 200 in 394ms (next.js: 33ms, proxy.ts: 22ms, application-code: 339ms)
 GET / 200 in 477ms (next.js: 43ms, proxy.ts: 27ms, application-code: 406ms)
 GET / 200 in 175ms (next.js: 21ms, proxy.ts: 16ms, application-code: 138ms)
 GET / 200 in 313ms (next.js: 105ms, proxy.ts: 30ms, application-code: 179ms)
 GET / 200 in 548ms (next.js: 241ms, proxy.ts: 25ms, application-code: 281ms)
 GET / 200 in 608ms (next.js: 261ms, proxy.ts: 41ms, application-code: 307ms)
 GET / 200 in 205ms (next.js: 42ms, proxy.ts: 19ms, application-code: 144ms)
 GET / 200 in 273ms (next.js: 38ms, proxy.ts: 19ms, application-code: 216ms)
 GET / 200 in 265ms (next.js: 34ms, proxy.ts: 19ms, application-code: 212ms)
 GET / 200 in 574ms (next.js: 20ms, proxy.ts: 10ms, application-code: 544ms)
 GET / 200 in 532ms (next.js: 66ms, proxy.ts: 31ms, application-code: 435ms)
 GET / 200 in 412ms (next.js: 30ms, proxy.ts: 20ms, application-code: 363ms)
 GET / 200 in 156ms (next.js: 29ms, proxy.ts: 17ms, application-code: 111ms)
